﻿  Trwa okre┼Ťlanie projekt├│w do przywr├│cenia...
  Wszystkie projekty s─ů aktualne na potrzeby przywr├│cenia.
  Collection Management System -> C:\Users\KOMPUTER\source\repos\Collection Management System\Collection Management System\bin\Debug\net9.0-maccatalyst\maccatalyst-x64\Collection Management System.dll
  Collection Management System -> C:\Users\KOMPUTER\source\repos\Collection Management System\Collection Management System\bin\Debug\net9.0-ios\iossimulator-x64\Collection Management System.dll
  Collection Management System -> C:\Users\KOMPUTER\source\repos\Collection Management System\Collection Management System\bin\Debug\net9.0-android\Collection Management System.dll
C:\Users\KOMPUTER\source\repos\Collection Management System\Collection Management System\Views\CollectionItemsPage.xaml(6,14): XamlC warning XC0022: Binding could be compiled to improve runtime performance if x:DataType is specified. See https://learn.microsoft.com/dotnet/maui/fundamentals/data-binding/compiled-bindings for more information. [C:\Users\KOMPUTER\source\repos\Collection Management System\Collection Management System\Collection Management System.csproj::TargetFramework=net9.0-windows10.0.19041.0]
C:\Users\KOMPUTER\source\repos\Collection Management System\Collection Management System\Views\CollectionItemsPage.xaml(9,38): XamlC warning XC0022: Binding could be compiled to improve runtime performance if x:DataType is specified. See https://learn.microsoft.com/dotnet/maui/fundamentals/data-binding/compiled-bindings for more information. [C:\Users\KOMPUTER\source\repos\Collection Management System\Collection Management System\Collection Management System.csproj::TargetFramework=net9.0-windows10.0.19041.0]
C:\Users\KOMPUTER\source\repos\Collection Management System\Collection Management System\Views\CollectionsPage.xaml(36,38): XamlC warning XC0022: Binding could be compiled to improve runtime performance if x:DataType is specified. See https://learn.microsoft.com/dotnet/maui/fundamentals/data-binding/compiled-bindings for more information. [C:\Users\KOMPUTER\source\repos\Collection Management System\Collection Management System\Collection Management System.csproj::TargetFramework=net9.0-windows10.0.19041.0]
  Collection Management System -> C:\Users\KOMPUTER\source\repos\Collection Management System\Collection Management System\bin\Debug\net9.0-windows10.0.19041.0\win10-x64\Collection Management System.dll
